C:\Users\admin\Documents\University\Term5\SWP391\Project\Driving-Licence-Examination-Management-Monolith\src\java\auth\controller\general\ChangePasswordServlet.java:6: error: package jakarta.servlet does not exist
import jakarta.servlet.ServletException;
                      ^
C:\Users\admin\Documents\University\Term5\SWP391\Project\Driving-Licence-Examination-Management-Monolith\src\java\auth\controller\general\ChangePasswordServlet.java:7: error: package jakarta.servlet.annotation does not exist
import jakarta.servlet.annotation.WebServlet;
                                 ^
C:\Users\admin\Documents\University\Term5\SWP391\Project\Driving-Licence-Examination-Management-Monolith\src\java\auth\controller\general\ChangePasswordServlet.java:8: error: package jakarta.servlet.http does not exist
import jakarta.servlet.http.HttpServlet;
                           ^
C:\Users\admin\Documents\University\Term5\SWP391\Project\Driving-Licence-Examination-Management-Monolith\src\java\auth\controller\general\ChangePasswordServlet.java:9: error: package jakarta.servlet.http does not exist
import jakarta.servlet.http.HttpServletRequest;
                           ^
C:\Users\admin\Documents\University\Term5\SWP391\Project\Driving-Licence-Examination-Management-Monolith\src\java\auth\controller\general\ChangePasswordServlet.java:10: error: package jakarta.servlet.http does not exist
import jakarta.servlet.http.HttpServletResponse;
                           ^
C:\Users\admin\Documents\University\Term5\SWP391\Project\Driving-Licence-Examination-Management-Monolith\src\java\auth\controller\general\ChangePasswordServlet.java:11: error: package jakarta.servlet.http does not exist
import jakarta.servlet.http.HttpSession;
                           ^
C:\Users\admin\Documents\University\Term5\SWP391\Project\Driving-Licence-Examination-Management-Monolith\src\java\auth\controller\general\ChangePasswordServlet.java:20: error: cannot find symbol
public class ChangePasswordServlet extends HttpServlet {
                                           ^
  symbol: class HttpServlet
C:\Users\admin\Documents\University\Term5\SWP391\Project\Driving-Licence-Examination-Management-Monolith\src\java\auth\controller\general\ChangePasswordServlet.java:19: error: cannot find symbol
@WebServlet("/change-password")
 ^
  symbol: class WebServlet
C:\Users\admin\Documents\University\Term5\SWP391\Project\Driving-Licence-Examination-Management-Monolith\src\java\auth\controller\general\ChangePasswordServlet.java:26: error: cannot find symbol
    protected void doGet(HttpServletRequest request, HttpServletResponse response)
                         ^
  symbol:   class HttpServletRequest
  location: class ChangePasswordServlet
C:\Users\admin\Documents\University\Term5\SWP391\Project\Driving-Licence-Examination-Management-Monolith\src\java\auth\controller\general\ChangePasswordServlet.java:26: error: cannot find symbol
    protected void doGet(HttpServletRequest request, HttpServletResponse response)
                                                     ^
  symbol:   class HttpServletResponse
  location: class ChangePasswordServlet
C:\Users\admin\Documents\University\Term5\SWP391\Project\Driving-Licence-Examination-Management-Monolith\src\java\auth\controller\general\ChangePasswordServlet.java:27: error: cannot find symbol
            throws ServletException, IOException {
                   ^
  symbol:   class ServletException
  location: class ChangePasswordServlet
C:\Users\admin\Documents\University\Term5\SWP391\Project\Driving-Licence-Examination-Management-Monolith\src\java\auth\controller\general\ChangePasswordServlet.java:37: error: cannot find symbol
    protected void doPost(HttpServletRequest request, HttpServletResponse response)
                          ^
  symbol:   class HttpServletRequest
  location: class ChangePasswordServlet
C:\Users\admin\Documents\University\Term5\SWP391\Project\Driving-Licence-Examination-Management-Monolith\src\java\auth\controller\general\ChangePasswordServlet.java:37: error: cannot find symbol
    protected void doPost(HttpServletRequest request, HttpServletResponse response)
                                                      ^
  symbol:   class HttpServletResponse
  location: class ChangePasswordServlet
C:\Users\admin\Documents\University\Term5\SWP391\Project\Driving-Licence-Examination-Management-Monolith\src\java\auth\controller\general\ChangePasswordServlet.java:38: error: cannot find symbol
            throws ServletException, IOException {
                   ^
  symbol:   class ServletException
  location: class ChangePasswordServlet
C:\Users\admin\Documents\University\Term5\SWP391\Project\Driving-Licence-Examination-Management-Monolith\src\java\auth\controller\general\ForgotPasswordServlet.java:6: error: package jakarta.servlet does not exist
import jakarta.servlet.ServletException;
                      ^
C:\Users\admin\Documents\University\Term5\SWP391\Project\Driving-Licence-Examination-Management-Monolith\src\java\auth\controller\general\ForgotPasswordServlet.java:7: error: package jakarta.servlet.annotation does not exist
import jakarta.servlet.annotation.WebServlet;
                                 ^
C:\Users\admin\Documents\University\Term5\SWP391\Project\Driving-Licence-Examination-Management-Monolith\src\java\auth\controller\general\ForgotPasswordServlet.java:8: error: package jakarta.servlet.http does not exist
import jakarta.servlet.http.HttpServlet;
                           ^
C:\Users\admin\Documents\University\Term5\SWP391\Project\Driving-Licence-Examination-Management-Monolith\src\java\auth\controller\general\ForgotPasswordServlet.java:9: error: package jakarta.servlet.http does not exist
import jakarta.servlet.http.HttpServletRequest;
                           ^
C:\Users\admin\Documents\University\Term5\SWP391\Project\Driving-Licence-Examination-Management-Monolith\src\java\auth\controller\general\ForgotPasswordServlet.java:10: error: package jakarta.servlet.http does not exist
import jakarta.servlet.http.HttpServletResponse;
                           ^
C:\Users\admin\Documents\University\Term5\SWP391\Project\Driving-Licence-Examination-Management-Monolith\src\java\auth\controller\general\ForgotPasswordServlet.java:14: error: cannot find symbol
public class ForgotPasswordServlet extends HttpServlet {
                                           ^
  symbol: class HttpServlet
C:\Users\admin\Documents\University\Term5\SWP391\Project\Driving-Licence-Examination-Management-Monolith\src\java\auth\controller\general\ForgotPasswordServlet.java:13: error: cannot find symbol
@WebServlet("/forgot-password")
 ^
  symbol: class WebServlet
C:\Users\admin\Documents\University\Term5\SWP391\Project\Driving-Licence-Examination-Management-Monolith\src\java\auth\controller\general\ForgotPasswordServlet.java:19: error: cannot find symbol
    protected void doGet(HttpServletRequest request, HttpServletResponse response)
                         ^
  symbol:   class HttpServletRequest
  location: class ForgotPasswordServlet
C:\Users\admin\Documents\University\Term5\SWP391\Project\Driving-Licence-Examination-Management-Monolith\src\java\auth\controller\general\ForgotPasswordServlet.java:19: error: cannot find symbol
    protected void doGet(HttpServletRequest request, HttpServletResponse response)
                                                     ^
  symbol:   class HttpServletResponse
  location: class ForgotPasswordServlet
C:\Users\admin\Documents\University\Term5\SWP391\Project\Driving-Licence-Examination-Management-Monolith\src\java\auth\controller\general\ForgotPasswordServlet.java:20: error: cannot find symbol
            throws ServletException, IOException {
                   ^
  symbol:   class ServletException
  location: class ForgotPasswordServlet
C:\Users\admin\Documents\University\Term5\SWP391\Project\Driving-Licence-Examination-Management-Monolith\src\java\auth\controller\general\ForgotPasswordServlet.java:25: error: cannot find symbol
    protected void doPost(HttpServletRequest request, HttpServletResponse response)
                          ^
  symbol:   class HttpServletRequest
  location: class ForgotPasswordServlet
C:\Users\admin\Documents\University\Term5\SWP391\Project\Driving-Licence-Examination-Management-Monolith\src\java\auth\controller\general\ForgotPasswordServlet.java:25: error: cannot find symbol
    protected void doPost(HttpServletRequest request, HttpServletResponse response)
                                                      ^
  symbol:   class HttpServletResponse
  location: class ForgotPasswordServlet
C:\Users\admin\Documents\University\Term5\SWP391\Project\Driving-Licence-Examination-Management-Monolith\src\java\auth\controller\general\ForgotPasswordServlet.java:26: error: cannot find symbol
            throws ServletException, IOException {
                   ^
  symbol:   class ServletException
  location: class ForgotPasswordServlet
C:\Users\admin\Documents\University\Term5\SWP391\Project\Driving-Licence-Examination-Management-Monolith\src\java\auth\controller\general\LoginServlet.java:8: error: package jakarta.servlet does not exist
import jakarta.servlet.ServletException;
                      ^
C:\Users\admin\Documents\University\Term5\SWP391\Project\Driving-Licence-Examination-Management-Monolith\src\java\auth\controller\general\LoginServlet.java:9: error: package jakarta.servlet.annotation does not exist
import jakarta.servlet.annotation.WebServlet;
                                 ^
C:\Users\admin\Documents\University\Term5\SWP391\Project\Driving-Licence-Examination-Management-Monolith\src\java\auth\controller\general\LoginServlet.java:10: error: package jakarta.servlet.http does not exist
import jakarta.servlet.http.HttpServlet;
                           ^
C:\Users\admin\Documents\University\Term5\SWP391\Project\Driving-Licence-Examination-Management-Monolith\src\java\auth\controller\general\LoginServlet.java:11: error: package jakarta.servlet.http does not exist
import jakarta.servlet.http.HttpServletRequest;
                           ^
C:\Users\admin\Documents\University\Term5\SWP391\Project\Driving-Licence-Examination-Management-Monolith\src\java\auth\controller\general\LoginServlet.java:12: error: package jakarta.servlet.http does not exist
import jakarta.servlet.http.HttpServletResponse;
                           ^
C:\Users\admin\Documents\University\Term5\SWP391\Project\Driving-Licence-Examination-Management-Monolith\src\java\auth\controller\general\LoginServlet.java:13: error: package jakarta.servlet.http does not exist
import jakarta.servlet.http.HttpSession;
                           ^
C:\Users\admin\Documents\University\Term5\SWP391\Project\Driving-Licence-Examination-Management-Monolith\src\java\auth\controller\general\LoginServlet.java:17: error: cannot find symbol
public class LoginServlet extends HttpServlet {
                                  ^
  symbol: class HttpServlet
C:\Users\admin\Documents\University\Term5\SWP391\Project\Driving-Licence-Examination-Management-Monolith\src\java\auth\controller\general\LoginServlet.java:16: error: cannot find symbol
@WebServlet("/login")
 ^
  symbol: class WebServlet
C:\Users\admin\Documents\University\Term5\SWP391\Project\Driving-Licence-Examination-Management-Monolith\src\java\auth\controller\general\LoginServlet.java:22: error: cannot find symbol
    protected void doGet(HttpServletRequest request, HttpServletResponse response) throws ServletException, IOException {
                         ^
  symbol:   class HttpServletRequest
  location: class LoginServlet
C:\Users\admin\Documents\University\Term5\SWP391\Project\Driving-Licence-Examination-Management-Monolith\src\java\auth\controller\general\LoginServlet.java:22: error: cannot find symbol
    protected void doGet(HttpServletRequest request, HttpServletResponse response) throws ServletException, IOException {
                                                     ^
  symbol:   class HttpServletResponse
  location: class LoginServlet
C:\Users\admin\Documents\University\Term5\SWP391\Project\Driving-Licence-Examination-Management-Monolith\src\java\auth\controller\general\LoginServlet.java:22: error: cannot find symbol
    protected void doGet(HttpServletRequest request, HttpServletResponse response) throws ServletException, IOException {
                                                                                          ^
  symbol:   class ServletException
  location: class LoginServlet
C:\Users\admin\Documents\University\Term5\SWP391\Project\Driving-Licence-Examination-Management-Monolith\src\java\auth\controller\general\LoginServlet.java:31: error: cannot find symbol
    protected void doPost(HttpServletRequest request, HttpServletResponse response) throws ServletException, IOException {
                          ^
  symbol:   class HttpServletRequest
  location: class LoginServlet
C:\Users\admin\Documents\University\Term5\SWP391\Project\Driving-Licence-Examination-Management-Monolith\src\java\auth\controller\general\LoginServlet.java:31: error: cannot find symbol
    protected void doPost(HttpServletRequest request, HttpServletResponse response) throws ServletException, IOException {
                                                      ^
  symbol:   class HttpServletResponse
  location: class LoginServlet
C:\Users\admin\Documents\University\Term5\SWP391\Project\Driving-Licence-Examination-Management-Monolith\src\java\auth\controller\general\LoginServlet.java:31: error: cannot find symbol
    protected void doPost(HttpServletRequest request, HttpServletResponse response) throws ServletException, IOException {
                                                                                           ^
  symbol:   class ServletException
  location: class LoginServlet
C:\Users\admin\Documents\University\Term5\SWP391\Project\Driving-Licence-Examination-Management-Monolith\src\java\auth\controller\general\LoginServlet.java:56: error: cannot find symbol
    private void handleSuccessfulLogin(HttpServletRequest request, HttpServletResponse response, User user)
                                       ^
  symbol:   class HttpServletRequest
  location: class LoginServlet
C:\Users\admin\Documents\University\Term5\SWP391\Project\Driving-Licence-Examination-Management-Monolith\src\java\auth\controller\general\LoginServlet.java:56: error: cannot find symbol
    private void handleSuccessfulLogin(HttpServletRequest request, HttpServletResponse response, User user)
                                                                   ^
  symbol:   class HttpServletResponse
  location: class LoginServlet
C:\Users\admin\Documents\University\Term5\SWP391\Project\Driving-Licence-Examination-Management-Monolith\src\java\auth\controller\general\LoginServlet.java:57: error: cannot find symbol
            throws IOException, ServletException {
                                ^
  symbol:   class ServletException
  location: class LoginServlet
C:\Users\admin\Documents\University\Term5\SWP391\Project\Driving-Licence-Examination-Management-Monolith\src\java\auth\controller\general\LoginServlet.java:74: error: cannot find symbol
    private void forwardWithError(HttpServletRequest request, HttpServletResponse response, String errorMessage)
                                  ^
  symbol:   class HttpServletRequest
  location: class LoginServlet
C:\Users\admin\Documents\University\Term5\SWP391\Project\Driving-Licence-Examination-Management-Monolith\src\java\auth\controller\general\LoginServlet.java:74: error: cannot find symbol
    private void forwardWithError(HttpServletRequest request, HttpServletResponse response, String errorMessage)
                                                              ^
  symbol:   class HttpServletResponse
  location: class LoginServlet
C:\Users\admin\Documents\University\Term5\SWP391\Project\Driving-Licence-Examination-Management-Monolith\src\java\auth\controller\general\LoginServlet.java:75: error: cannot find symbol
            throws ServletException, IOException {
                   ^
  symbol:   class ServletException
  location: class LoginServlet
C:\Users\admin\Documents\University\Term5\SWP391\Project\Driving-Licence-Examination-Management-Monolith\src\java\auth\controller\general\LoginServlet.java:82: error: cannot find symbol
    private void sessionToRequest(HttpServletRequest request) {
                                  ^
  symbol:   class HttpServletRequest
  location: class LoginServlet
C:\Users\admin\Documents\University\Term5\SWP391\Project\Driving-Licence-Examination-Management-Monolith\src\java\auth\controller\general\LoginServlet.java:95: error: cannot find symbol
    private void transferAttribute(HttpServletRequest request, HttpSession session,
                                   ^
  symbol:   class HttpServletRequest
  location: class LoginServlet
C:\Users\admin\Documents\University\Term5\SWP391\Project\Driving-Licence-Examination-Management-Monolith\src\java\auth\controller\general\LoginServlet.java:95: error: cannot find symbol
    private void transferAttribute(HttpServletRequest request, HttpSession session,
                                                               ^
  symbol:   class HttpSession
  location: class LoginServlet
C:\Users\admin\Documents\University\Term5\SWP391\Project\Driving-Licence-Examination-Management-Monolith\src\java\auth\controller\general\LogoutServlet.java:3: error: package jakarta.servlet does not exist
import jakarta.servlet.ServletException;
                      ^
C:\Users\admin\Documents\University\Term5\SWP391\Project\Driving-Licence-Examination-Management-Monolith\src\java\auth\controller\general\LogoutServlet.java:4: error: package jakarta.servlet.annotation does not exist
import jakarta.servlet.annotation.WebServlet;
                                 ^
C:\Users\admin\Documents\University\Term5\SWP391\Project\Driving-Licence-Examination-Management-Monolith\src\java\auth\controller\general\LogoutServlet.java:5: error: package jakarta.servlet.http does not exist
import jakarta.servlet.http.HttpServlet;
                           ^
C:\Users\admin\Documents\University\Term5\SWP391\Project\Driving-Licence-Examination-Management-Monolith\src\java\auth\controller\general\LogoutServlet.java:6: error: package jakarta.servlet.http does not exist
import jakarta.servlet.http.HttpServletRequest;
                           ^
C:\Users\admin\Documents\University\Term5\SWP391\Project\Driving-Licence-Examination-Management-Monolith\src\java\auth\controller\general\LogoutServlet.java:7: error: package jakarta.servlet.http does not exist
import jakarta.servlet.http.HttpServletResponse;
                           ^
C:\Users\admin\Documents\University\Term5\SWP391\Project\Driving-Licence-Examination-Management-Monolith\src\java\auth\controller\general\LogoutServlet.java:8: error: package jakarta.servlet.http does not exist
import jakarta.servlet.http.HttpSession;
                           ^
C:\Users\admin\Documents\University\Term5\SWP391\Project\Driving-Licence-Examination-Management-Monolith\src\java\auth\controller\general\LogoutServlet.java:12: error: cannot find symbol
public class LogoutServlet extends HttpServlet {
                                   ^
  symbol: class HttpServlet
C:\Users\admin\Documents\University\Term5\SWP391\Project\Driving-Licence-Examination-Management-Monolith\src\java\auth\controller\general\LogoutServlet.java:11: error: cannot find symbol
@WebServlet("/logout")
 ^
  symbol: class WebServlet
C:\Users\admin\Documents\University\Term5\SWP391\Project\Driving-Licence-Examination-Management-Monolith\src\java\auth\controller\general\LogoutServlet.java:15: error: cannot find symbol
    protected void doGet(HttpServletRequest request, HttpServletResponse response)
                         ^
  symbol:   class HttpServletRequest
  location: class LogoutServlet
C:\Users\admin\Documents\University\Term5\SWP391\Project\Driving-Licence-Examination-Management-Monolith\src\java\auth\controller\general\LogoutServlet.java:15: error: cannot find symbol
    protected void doGet(HttpServletRequest request, HttpServletResponse response)
                                                     ^
  symbol:   class HttpServletResponse
  location: class LogoutServlet
C:\Users\admin\Documents\University\Term5\SWP391\Project\Driving-Licence-Examination-Management-Monolith\src\java\auth\controller\general\LogoutServlet.java:16: error: cannot find symbol
            throws ServletException, IOException {
                   ^
  symbol:   class ServletException
  location: class LogoutServlet
C:\Users\admin\Documents\University\Term5\SWP391\Project\Driving-Licence-Examination-Management-Monolith\src\java\auth\controller\general\LogoutServlet.java:21: error: cannot find symbol
    protected void doPost(HttpServletRequest request, HttpServletResponse response)
                          ^
  symbol:   class HttpServletRequest
  location: class LogoutServlet
C:\Users\admin\Documents\University\Term5\SWP391\Project\Driving-Licence-Examination-Management-Monolith\src\java\auth\controller\general\LogoutServlet.java:21: error: cannot find symbol
    protected void doPost(HttpServletRequest request, HttpServletResponse response)
                                                      ^
  symbol:   class HttpServletResponse
  location: class LogoutServlet
C:\Users\admin\Documents\University\Term5\SWP391\Project\Driving-Licence-Examination-Management-Monolith\src\java\auth\controller\general\LogoutServlet.java:22: error: cannot find symbol
            throws ServletException, IOException {
                   ^
  symbol:   class ServletException
  location: class LogoutServlet
C:\Users\admin\Documents\University\Term5\SWP391\Project\Driving-Licence-Examination-Management-Monolith\src\java\auth\controller\general\LogoutServlet.java:26: error: cannot find symbol
    private void processLogout(HttpServletRequest request, HttpServletResponse response)
                               ^
  symbol:   class HttpServletRequest
  location: class LogoutServlet
C:\Users\admin\Documents\University\Term5\SWP391\Project\Driving-Licence-Examination-Management-Monolith\src\java\auth\controller\general\LogoutServlet.java:26: error: cannot find symbol
    private void processLogout(HttpServletRequest request, HttpServletResponse response)
                                                           ^
  symbol:   class HttpServletResponse
  location: class LogoutServlet
C:\Users\admin\Documents\University\Term5\SWP391\Project\Driving-Licence-Examination-Management-Monolith\src\java\auth\controller\general\RegisterServlet.java:9: error: package jakarta.servlet does not exist
import jakarta.servlet.ServletException;
                      ^
C:\Users\admin\Documents\University\Term5\SWP391\Project\Driving-Licence-Examination-Management-Monolith\src\java\auth\controller\general\RegisterServlet.java:10: error: package jakarta.servlet.annotation does not exist
import jakarta.servlet.annotation.WebServlet;
                                 ^
C:\Users\admin\Documents\University\Term5\SWP391\Project\Driving-Licence-Examination-Management-Monolith\src\java\auth\controller\general\RegisterServlet.java:11: error: package jakarta.servlet.http does not exist
import jakarta.servlet.http.HttpServlet;
                           ^
C:\Users\admin\Documents\University\Term5\SWP391\Project\Driving-Licence-Examination-Management-Monolith\src\java\auth\controller\general\RegisterServlet.java:12: error: package jakarta.servlet.http does not exist
import jakarta.servlet.http.HttpServletRequest;
                           ^
C:\Users\admin\Documents\University\Term5\SWP391\Project\Driving-Licence-Examination-Management-Monolith\src\java\auth\controller\general\RegisterServlet.java:13: error: package jakarta.servlet.http does not exist
import jakarta.servlet.http.HttpServletResponse;
                           ^
C:\Users\admin\Documents\University\Term5\SWP391\Project\Driving-Licence-Examination-Management-Monolith\src\java\auth\controller\general\RegisterServlet.java:14: error: package jakarta.servlet.http does not exist
import jakarta.servlet.http.HttpSession;
                           ^
C:\Users\admin\Documents\University\Term5\SWP391\Project\Driving-Licence-Examination-Management-Monolith\src\java\auth\controller\general\RegisterServlet.java:21: error: cannot find symbol
public class RegisterServlet extends HttpServlet {
                                     ^
  symbol: class HttpServlet
C:\Users\admin\Documents\University\Term5\SWP391\Project\Driving-Licence-Examination-Management-Monolith\src\java\auth\controller\general\RegisterServlet.java:20: error: cannot find symbol
@WebServlet("/register")
 ^
  symbol: class WebServlet
C:\Users\admin\Documents\University\Term5\SWP391\Project\Driving-Licence-Examination-Management-Monolith\src\java\auth\controller\general\RegisterServlet.java:26: error: cannot find symbol
    protected void doGet(HttpServletRequest request, HttpServletResponse response)
                         ^
  symbol:   class HttpServletRequest
  location: class RegisterServlet
C:\Users\admin\Documents\University\Term5\SWP391\Project\Driving-Licence-Examination-Management-Monolith\src\java\auth\controller\general\RegisterServlet.java:26: error: cannot find symbol
    protected void doGet(HttpServletRequest request, HttpServletResponse response)
                                                     ^
  symbol:   class HttpServletResponse
  location: class RegisterServlet
C:\Users\admin\Documents\University\Term5\SWP391\Project\Driving-Licence-Examination-Management-Monolith\src\java\auth\controller\general\RegisterServlet.java:27: error: cannot find symbol
            throws ServletException, IOException {
                   ^
  symbol:   class ServletException
  location: class RegisterServlet
C:\Users\admin\Documents\University\Term5\SWP391\Project\Driving-Licence-Examination-Management-Monolith\src\java\auth\controller\general\RegisterServlet.java:32: error: cannot find symbol
    protected void doPost(HttpServletRequest request, HttpServletResponse response)
                          ^
  symbol:   class HttpServletRequest
  location: class RegisterServlet
C:\Users\admin\Documents\University\Term5\SWP391\Project\Driving-Licence-Examination-Management-Monolith\src\java\auth\controller\general\RegisterServlet.java:32: error: cannot find symbol
    protected void doPost(HttpServletRequest request, HttpServletResponse response)
                                                      ^
  symbol:   class HttpServletResponse
  location: class RegisterServlet
C:\Users\admin\Documents\University\Term5\SWP391\Project\Driving-Licence-Examination-Management-Monolith\src\java\auth\controller\general\RegisterServlet.java:33: error: cannot find symbol
            throws ServletException, IOException {
                   ^
  symbol:   class ServletException
  location: class RegisterServlet
C:\Users\admin\Documents\University\Term5\SWP391\Project\Driving-Licence-Examination-Management-Monolith\src\java\auth\controller\general\RegisterServlet.java:135: error: cannot find symbol
    private void forwardWithError(HttpServletRequest request, HttpServletResponse response, String errorMessage)
                                  ^
  symbol:   class HttpServletRequest
  location: class RegisterServlet
C:\Users\admin\Documents\University\Term5\SWP391\Project\Driving-Licence-Examination-Management-Monolith\src\java\auth\controller\general\RegisterServlet.java:135: error: cannot find symbol
    private void forwardWithError(HttpServletRequest request, HttpServletResponse response, String errorMessage)
                                                              ^
  symbol:   class HttpServletResponse
  location: class RegisterServlet
C:\Users\admin\Documents\University\Term5\SWP391\Project\Driving-Licence-Examination-Management-Monolith\src\java\auth\controller\general\RegisterServlet.java:136: error: cannot find symbol
            throws ServletException, IOException {
                   ^
  symbol:   class ServletException
  location: class RegisterServlet
C:\Users\admin\Documents\University\Term5\SWP391\Project\Driving-Licence-Examination-Management-Monolith\src\java\auth\controller\internal\LoginServlet.java:8: error: package jakarta.servlet does not exist
import jakarta.servlet.ServletException;
                      ^
C:\Users\admin\Documents\University\Term5\SWP391\Project\Driving-Licence-Examination-Management-Monolith\src\java\auth\controller\internal\LoginServlet.java:9: error: package jakarta.servlet.annotation does not exist
import jakarta.servlet.annotation.WebServlet;
                                 ^
C:\Users\admin\Documents\University\Term5\SWP391\Project\Driving-Licence-Examination-Management-Monolith\src\java\auth\controller\internal\LoginServlet.java:10: error: package jakarta.servlet.http does not exist
import jakarta.servlet.http.HttpServlet;
                           ^
C:\Users\admin\Documents\University\Term5\SWP391\Project\Driving-Licence-Examination-Management-Monolith\src\java\auth\controller\internal\LoginServlet.java:11: error: package jakarta.servlet.http does not exist
import jakarta.servlet.http.HttpServletRequest;
                           ^
C:\Users\admin\Documents\University\Term5\SWP391\Project\Driving-Licence-Examination-Management-Monolith\src\java\auth\controller\internal\LoginServlet.java:12: error: package jakarta.servlet.http does not exist
import jakarta.servlet.http.HttpServletResponse;
                           ^
C:\Users\admin\Documents\University\Term5\SWP391\Project\Driving-Licence-Examination-Management-Monolith\src\java\auth\controller\internal\LoginServlet.java:13: error: package jakarta.servlet.http does not exist
import jakarta.servlet.http.HttpSession;
                           ^
C:\Users\admin\Documents\University\Term5\SWP391\Project\Driving-Licence-Examination-Management-Monolith\src\java\auth\controller\internal\LoginServlet.java:17: error: cannot find symbol
public class LoginServlet extends HttpServlet {
                                  ^
  symbol: class HttpServlet
C:\Users\admin\Documents\University\Term5\SWP391\Project\Driving-Licence-Examination-Management-Monolith\src\java\auth\controller\internal\LoginServlet.java:16: error: cannot find symbol
@WebServlet("/staff/login")
 ^
  symbol: class WebServlet
C:\Users\admin\Documents\University\Term5\SWP391\Project\Driving-Licence-Examination-Management-Monolith\src\java\auth\controller\internal\LoginServlet.java:22: error: cannot find symbol
    protected void doGet(HttpServletRequest request, HttpServletResponse response)
                         ^
  symbol:   class HttpServletRequest
  location: class LoginServlet
C:\Users\admin\Documents\University\Term5\SWP391\Project\Driving-Licence-Examination-Management-Monolith\src\java\auth\controller\internal\LoginServlet.java:22: error: cannot find symbol
    protected void doGet(HttpServletRequest request, HttpServletResponse response)
                                                     ^
  symbol:   class HttpServletResponse
  location: class LoginServlet
C:\Users\admin\Documents\University\Term5\SWP391\Project\Driving-Licence-Examination-Management-Monolith\src\java\auth\controller\internal\LoginServlet.java:23: error: cannot find symbol
            throws ServletException, IOException {
                   ^
  symbol:   class ServletException
  location: class LoginServlet
C:\Users\admin\Documents\University\Term5\SWP391\Project\Driving-Licence-Examination-Management-Monolith\src\java\auth\controller\internal\LoginServlet.java:32: error: cannot find symbol
    protected void doPost(HttpServletRequest request, HttpServletResponse response)
                          ^
  symbol:   class HttpServletRequest
  location: class LoginServlet
C:\Users\admin\Documents\University\Term5\SWP391\Project\Driving-Licence-Examination-Management-Monolith\src\java\auth\controller\internal\LoginServlet.java:32: error: cannot find symbol
    protected void doPost(HttpServletRequest request, HttpServletResponse response)
                                                      ^
  symbol:   class HttpServletResponse
  location: class LoginServlet
C:\Users\admin\Documents\University\Term5\SWP391\Project\Driving-Licence-Examination-Management-Monolith\src\java\auth\controller\internal\LoginServlet.java:33: error: cannot find symbol
            throws ServletException, IOException {
                   ^
  symbol:   class ServletException
  location: class LoginServlet
C:\Users\admin\Documents\University\Term5\SWP391\Project\Driving-Licence-Examination-Management-Monolith\src\java\auth\controller\internal\LoginServlet.java:59: error: cannot find symbol
    private void login(HttpServletRequest request, HttpServletResponse response, User user)
                       ^
  symbol:   class HttpServletRequest
  location: class LoginServlet
C:\Users\admin\Documents\University\Term5\SWP391\Project\Driving-Licence-Examination-Management-Monolith\src\java\auth\controller\internal\LoginServlet.java:59: error: cannot find symbol
    private void login(HttpServletRequest request, HttpServletResponse response, User user)
                                                   ^
  symbol:   class HttpServletResponse
  location: class LoginServlet
C:\Users\admin\Documents\University\Term5\SWP391\Project\Driving-Licence-Examination-Management-Monolith\src\java\auth\controller\internal\LoginServlet.java:60: error: cannot find symbol
            throws ServletException, IOException {
                   ^
  symbol:   class ServletException
  location: class LoginServlet
C:\Users\admin\Documents\University\Term5\SWP391\Project\Driving-Licence-Examination-Management-Monolith\src\java\examstaff\dao\ExamAreaDAO.java:31: warning: [dep-ann] deprecated item is not annotated with @Deprecated
    List<ExamArea> getAreasBySessionId(int sessionId);
                   ^
C:\Users\admin\Documents\University\Term5\SWP391\Project\Driving-Licence-Examination-Management-Monolith\src\java\examstaff\dao\ExamAreaDAO.java:34: warning: [dep-ann] deprecated item is not annotated with @Deprecated
    boolean isAreaInSession(int sessionId, int examAreaId);
            ^
Note: Some input files use or override a deprecated API.
Note: Recompile with -Xlint:deprecation for details.
Note: Some messages have been simplified; recompile with -Xdiags:verbose to get full output
100 errors
2 warnings
only showing the first 100 errors, of 1072 total; use -Xmaxerrs if you would like to see more
